====================================================================================================
  PITCH ANALYTIX PRO — PERSISTENT RUN LOG
  Session Log File : /Users/neilkloot/Code/CricketBattingTracker/pipelines/training_logs/dual_sensor_training_2026-09-04_07-11-16.log
  Start Time       : 2026-09-04 07:11:16
  Command Line     : pipelines/train_dual_sensor_model.py --eval-only
  Python Version   : 3.14.5 (/opt/homebrew/opt/python@3.14/bin/python3.14)
====================================================================================================

====================================================================================================
  DUAL-SENSOR EXPERT TCN TRAINING & EVALUATION PIPELINE (COMPLETE SENSORS ONLY)
  Holdout / Validation Sessions (4): session_2026-07-20_12-42-16, session_2026-07-21_12-43-37, session_2026-07-24_12-52-29, session_2026-07-25_15-16-32
  Execution Device: mps
  Random Seed: 42 (deterministic)
====================================================================================================
Discovered 34 physical sessions with active Polar data.
Training Pool: 30 sessions | Holdout Evaluation: 4 sessions.


⚡ Eval-Only Mode: Loading model checkpoint from /Users/neilkloot/Code/CricketBattingTracker/pipelines/tcn_dual_sensor_expert.pt...

Evaluating Dual-Sensor Model across 34 dual physical sessions via Telemetry Engine...

==========================================================
  AUDITED HIERARCHICAL MULTI-TIER TELEMETRY PIPELINE
==========================================================
  Execution Device : mps
  Total Sessions   : 34 physical sessions
  Holdout Set (4)  : ['session_2026-07-20_12-42-16', 'session_2026-07-21_12-43-37', 'session_2026-07-24_12-52-29', 'session_2026-07-25_15-16-32']
  Processing sessions directly from Parquet...

================================================================================
         FORENSIC AUDITED MULTI-TIER PIPELINE DIAGNOSTIC SCORECARD
================================================================================

1️⃣ CANDIDATE DETECTIONS & SYSTEM PRECISION:
----------------------------------------------------------------------
  • Total Ground-Truth Physical Shots: 1963
  • Total System Candidate Detections: 1955 (Target: < 2,850)
  • Matched True Positive Detections : 1518
  • Global Pipeline Recall           : 🏆 77.33%
  • Global System Precision          : 🏆 77.65%
  • Global System F1 Score           : 🏆 77.49%

🎯 SWEEP CANDIDATE PRECISION & RECALL CLAMPING:
----------------------------------------------------------------------
  • Total Ground-Truth SWEEP Shots   : 107
  • SWEEP Candidate Detections       : 🏆 128 (Target: 210–240, was 423)
  • SWEEP Detection Recall           : 🏆 119.6% (Target: 90%–105%, was 200.5%)

2️⃣ TIER BREAKDOWN (Peak Motion Aligned [T_peak - 1.0s, T_peak + 1.5s]):
----------------------------------------------------------------------
| Tier                    | Total Detections | True Positives | Precision (%) |
----------------------------------------------------------------------
| TIER_1_HIGH             |             1591 |           1306 |        82.09% |
| TIER_3_SOFT_TOUCH       |              364 |            212 |        58.24% |
----------------------------------------------------------------------

3️⃣ GRANULAR UNSEEN HOLDOUT SET SCORECARD (AUTOMATIC ALIGNMENT):
======================================================================
  • Designated Holdout Sessions : ['session_2026-07-20_12-42-16', 'session_2026-07-21_12-43-37', 'session_2026-07-24_12-52-29', 'session_2026-07-25_15-16-32']
  • Ground-Truth Physical Shots : 206
  • Total Candidate Detections  : 241
  • True Positive Detections    : 180
  • False Positive Detections   : 61
  • Adjusted Holdout Detection Recall    : 🏆 87.38% (180/206 GT shots detected)
  • Adjusted Holdout Detection Precision : 🏆 74.69% (180/241 candidates valid)
  • Adjusted Holdout Detection F1 Score  : 🏆 80.54%

--- CALCULATED TIMESTAMP DRIFT OFFSETS (dt_offset) & PER-SESSION PERFORMANCE ---
---------------------------------------------------------------------------------------------------
| Session ID               | Calculated dt Offset | GT Shots | Detections | TPs | Recall (%) | Precision (%) |
---------------------------------------------------------------------------------------------------
| session_2026-07-20_12-42-16 |              -0.55s |       37 |         51 |  35 |      94.6% |         68.6% |
| session_2026-07-21_12-43-37 |              -0.30s |       56 |         63 |  41 |      73.2% |         65.1% |
| session_2026-07-24_12-52-29 |              +0.20s |       52 |         58 |  44 |      84.6% |         75.9% |
| session_2026-07-25_15-16-32 |              -0.15s |       61 |         69 |  60 |      98.4% |         87.0% |
---------------------------------------------------------------------------------------------------

4️⃣ PEAK-ALIGNED HOLDOUT CLASSIFICATION ACCURACY PER SHOT TYPE:
===================================================================================================
| Shot Type        | GT Count | Detected TPs | Class Correct | Classification Acc (%) | Shot Recall (%) |
===================================================================================================
| PULL/HOOK/SLOG   |       57 |           49 |            26 |                 53.06% |          45.61% |
| DRIVE/DEFENCE    |       30 |           27 |            15 |                 55.56% |          50.00% |
| GLANCE/FLICK     |       27 |           22 |            14 |                 63.64% |          51.85% |
| CUT/PUNCH        |       13 |           11 |             9 |                 81.82% |          69.23% |
| DEFLECTION/GUIDE |       28 |           21 |            19 |                 90.48% |          67.86% |
| POWER DRIVE      |       20 |           20 |             8 |                 40.00% |          40.00% |
| SWEEP            |       31 |           30 |            23 |                 76.67% |          74.19% |
===================================================================================================
  🏆 OVERALL HOLDOUT CLASSIFICATION ACCURACY: 63.33% (114/180 correct across detected shots)
===================================================================================================

/Users/neilkloot/Code/CricketBattingTracker/pipelines/train_dual_sensor_model.py:456: DeprecationWarning: You are using the legacy TorchScript-based ONNX export. Starting in PyTorch 2.9, the new torch.export-based ONNX exporter has become the default. Learn more about the new export logic: https://docs.pytorch.org/docs/stable/onnx_export.html. For exporting control flow: https://pytorch.org/tutorials/beginner/onnx/export_control_flow_model_to_onnx_tutorial.html
  torch.onnx.export(
Traceback (most recent call last):
  File "/Users/neilkloot/Code/CricketBattingTracker/pipelines/train_dual_sensor_model.py", line 514, in <module>
    main()
    ~~~~^^
  File "/Users/neilkloot/Code/CricketBattingTracker/pipelines/train_dual_sensor_model.py", line 456, in main
    torch.onnx.export(
    ~~~~~~~~~~~~~~~~~^
        model, dummy_input, MODEL_ONNX_PATH,
        ^^^^^^^^^^^^^^^^^^^^^^^^^^^^^^^^^^^^
        input_names=["input"], output_names=["output"],
        ^^^^^^^^^^^^^^^^^^^^^^^^^^^^^^^^^^^^^^^^^^^^^^^
        opset_version=14, dynamo=False
        ^^^^^^^^^^^^^^^^^^^^^^^^^^^^^^
    )
    ^
  File "/opt/homebrew/lib/python3.14/site-packages/torch/onnx/__init__.py", line 334, in export
    export(
    ~~~~~~^
        model,
        ^^^^^^
    ...<15 lines>...
        autograd_inlining=autograd_inlining,
        ^^^^^^^^^^^^^^^^^^^^^^^^^^^^^^^^^^^^
    )
    ^
  File "/opt/homebrew/lib/python3.14/site-packages/torch/onnx/_internal/torchscript_exporter/utils.py", line 552, in export
    _export(
    ~~~~~~~^
        model,
        ^^^^^^
    ...<14 lines>...
        autograd_inlining=autograd_inlining,
        ^^^^^^^^^^^^^^^^^^^^^^^^^^^^^^^^^^^^
    )
    ^
  File "/opt/homebrew/lib/python3.14/site-packages/torch/onnx/_internal/torchscript_exporter/utils.py", line 1515, in _export
    graph, params_dict, torch_out = _model_to_graph(
                                    ~~~~~~~~~~~~~~~^
        model,
        ^^^^^^
    ...<8 lines>...
        dynamic_axes=dynamic_axes,
        ^^^^^^^^^^^^^^^^^^^^^^^^^^
    )
    ^
  File "/opt/homebrew/lib/python3.14/site-packages/torch/onnx/_internal/torchscript_exporter/utils.py", line 1117, in _model_to_graph
    graph = _optimize_graph(
        graph,
    ...<6 lines>...
        module=module,
    )
  File "/opt/homebrew/lib/python3.14/site-packages/torch/onnx/_internal/torchscript_exporter/utils.py", line 689, in _optimize_graph
    graph = _C._jit_pass_onnx(graph, operator_export_type)
  File "/opt/homebrew/lib/python3.14/site-packages/torch/onnx/_internal/torchscript_exporter/utils.py", line 1785, in _run_symbolic_function
    return symbolic_fn(graph_context, *inputs, **attrs)
  File "/opt/homebrew/lib/python3.14/site-packages/torch/onnx/_internal/torchscript_exporter/symbolic_helper.py", line 477, in wrapper
    return fn(g, *args, **kwargs)
  File "/opt/homebrew/lib/python3.14/site-packages/torch/onnx/_internal/torchscript_exporter/symbolic_opset9.py", line 898, in expand_as
    self_t = self_t.to(torch.double)
TypeError: Cannot convert a MPS Tensor to float64 dtype as the MPS framework doesn't support float64. Please use float32 instead. 
(Occurred when translating expand_as).

====================================================================================================
  RUN COMPLETED: 2026-09-04 07:11:41
  Total Duration: 0:00:25.694547
  Log Saved to  : /Users/neilkloot/Code/CricketBattingTracker/pipelines/training_logs/dual_sensor_training_2026-09-04_07-11-16.log
====================================================================================================
