====================================================================================================
  PITCH ANALYTIX PRO — PERSISTENT RUN LOG
  Session Log File : /Users/neilkloot/Code/CricketBattingTracker/pipelines/training_logs/master_retraining_2026-09-11_05-52-45.log
  Start Time       : 2026-09-11 05:52:45
  Command Line     : pipelines/train_and_evaluate_full_scorecard.py --eval-only
  Python Version   : 3.14.5 (/opt/homebrew/opt/python@3.14/bin/python3.14)
====================================================================================================

====================================================================================================
  MASTER RETRAINING & MULTI-TIER EVALUATION PIPELINE (BAT-PLANE 3-FAMILY TCN)
  Holdout / Validation Sessions (4): session_2026-07-20_12-42-16, session_2026-07-21_12-43-37, session_2026-07-24_12-52-29, session_2026-07-25_15-16-32
  Execution Device: mps
  Random Seed: 42 (deterministic)
====================================================================================================

📦 Dataset Auto-Sync: Discovered 74 usable sessions in live_watch_sessions/
✅ Auto-Sync Up-To-Date: All 74 parquet datasets are synchronized.

Loading 70 training sessions & 4 holdout validation sessions (Total: 74)...
✅ Saved feature normalization stats -> /Users/neilkloot/Code/CricketBattingTracker/pipelines/tcn_norm_stats.json
✅ Copied feature normalization stats -> /Users/neilkloot/Code/CricketBattingTracker/app/src/main/assets/models/tcn_norm_stats.json

⚡ Eval-Only Mode: Loading model checkpoint from /Users/neilkloot/Code/CricketBattingTracker/pipelines/tcn_ultimate_baseline.pt...

3. Evaluating FULL DATASET across ALL 74 physical sessions via Telemetry Engine...

==========================================================
  AUDITED HIERARCHICAL MULTI-TIER TELEMETRY PIPELINE
==========================================================
  Execution Device : mps
  Total Sessions   : 74 physical sessions
  Holdout Set (4)  : ['session_2026-07-20_12-42-16', 'session_2026-07-21_12-43-37', 'session_2026-07-24_12-52-29', 'session_2026-07-25_15-16-32']
  Processing sessions directly from Parquet...

================================================================================
         FORENSIC AUDITED MULTI-TIER PIPELINE DIAGNOSTIC SCORECARD
================================================================================

1️⃣ CANDIDATE DETECTIONS & SYSTEM PRECISION:
----------------------------------------------------------------------
  • Total Ground-Truth Physical Shots: 4093
  • Total System Candidate Detections: 4056 (Target: < 2,850)
  • Matched True Positive Detections : 3272
  • Global Pipeline Recall           : 🏆 79.94%
  • Global System Precision          : 🏆 80.67%
  • Global System F1 Score           : 🏆 80.30%

🎯 SWEEP CANDIDATE PRECISION & RECALL CLAMPING:
----------------------------------------------------------------------
  • Total Ground-Truth SWEEP Shots   : 243
  • SWEEP Candidate Detections       : 🏆 292 (Target: 210–240, was 423)
  • SWEEP Detection Recall           : 🏆 120.2% (Target: 90%–105%, was 200.5%)

2️⃣ TIER BREAKDOWN (Peak Motion Aligned [T_peak - 1.0s, T_peak + 1.5s]):
----------------------------------------------------------------------
| Tier                    | Total Detections | True Positives | Precision (%) |
----------------------------------------------------------------------
| TIER_1_HIGH             |             3140 |           2696 |        85.86% |
| TIER_3_SOFT_TOUCH       |              916 |            576 |        62.88% |
----------------------------------------------------------------------

3️⃣ GRANULAR UNSEEN HOLDOUT SET SCORECARD (AUTOMATIC ALIGNMENT):
======================================================================
  • Designated Holdout Sessions : ['session_2026-07-20_12-42-16', 'session_2026-07-21_12-43-37', 'session_2026-07-24_12-52-29', 'session_2026-07-25_15-16-32']
  • Ground-Truth Physical Shots : 206
  • Total Candidate Detections  : 241
  • True Positive Detections    : 180
  • False Positive Detections   : 61
  • Adjusted Holdout Detection Recall    : 🏆 87.38% (180/206 GT shots detected)
  • Adjusted Holdout Detection Precision : 🏆 74.69% (180/241 candidates valid)
  • Adjusted Holdout Detection F1 Score  : 🏆 80.54%

--- CALCULATED TIMESTAMP DRIFT OFFSETS (dt_offset) & PER-SESSION PERFORMANCE ---
---------------------------------------------------------------------------------------------------
| Session ID               | Calculated dt Offset | GT Shots | Detections | TPs | Recall (%) | Precision (%) |
---------------------------------------------------------------------------------------------------
| session_2026-07-20_12-42-16 |              -0.55s |       37 |         51 |  35 |      94.6% |         68.6% |
| session_2026-07-21_12-43-37 |              -0.30s |       56 |         63 |  41 |      73.2% |         65.1% |
| session_2026-07-24_12-52-29 |              +0.20s |       52 |         58 |  44 |      84.6% |         75.9% |
| session_2026-07-25_15-16-32 |              -0.15s |       61 |         69 |  60 |      98.4% |         87.0% |
---------------------------------------------------------------------------------------------------

4️⃣ PEAK-ALIGNED HOLDOUT CLASSIFICATION ACCURACY PER SHOT TYPE:
===================================================================================================
| Shot Type        | GT Count | Detected TPs | Class Correct | Classification Acc (%) | Shot Recall (%) |
===================================================================================================
| PULL/HOOK/SLOG   |       57 |           49 |            25 |                 51.02% |          43.86% |
| DRIVE/DEFENCE    |       30 |           27 |            11 |                 40.74% |          36.67% |
| GLANCE/FLICK     |       27 |           22 |            15 |                 68.18% |          55.56% |
| CUT/PUNCH        |       13 |           11 |             5 |                 45.45% |          38.46% |
| DEFLECTION/GUIDE |       28 |           21 |            19 |                 90.48% |          67.86% |
| POWER DRIVE      |       20 |           20 |            14 |                 70.00% |          70.00% |
| SWEEP            |       31 |           30 |            30 |                100.00% |          96.77% |
===================================================================================================
  🏆 OVERALL HOLDOUT CLASSIFICATION ACCURACY: 66.11% (119/180 correct across detected shots)
===================================================================================================


===================================================================================================================
📊 UNIFIED FULL DATASET TRAINING & HOLDOUT EVALUATION SCORECARD
  Training Strategy: Bat-Plane 3-Family Multi-Scale TCN with Unified Continuous Discriminative LR & Cosine Annealing
  Validation Summary: Total Epochs = 35, Best Holdout Macro-F1 = 0.6356 (Candidate Acc: 63.59%, Val Loss: 1.1914 at Epoch 25 (Reloaded Checkpoint))
===================================================================================================================
  Holdout Set (4 Sessions): Recall = 87.4%, Precision = 74.7%, F1 = 80.5%, Class Acc = 66.1%
  Training Set (70 Sessions):           Recall = 79.5%, Precision = 81.0%, F1 = 80.3%, Class Acc = 82.1%
  Full Dataset Total (74 Sessions):      Recall = 79.9%, Precision = 80.7%, F1 = 80.3%
===================================================================================================================


✅ Saved master scorecard report to /Users/neilkloot/Code/CricketBattingTracker/full_dataset_training_scorecard.md

================================================================================
🔒 PRODUCTION ONNX QUALITY GATE CHECK
================================================================================
/Users/neilkloot/Code/CricketBattingTracker/pipelines/train_and_evaluate_full_scorecard.py:585: DeprecationWarning: You are using the legacy TorchScript-based ONNX export. Starting in PyTorch 2.9, the new torch.export-based ONNX exporter has become the default. Learn more about the new export logic: https://docs.pytorch.org/docs/stable/onnx_export.html. For exporting control flow: https://pytorch.org/tutorials/beginner/onnx/export_control_flow_model_to_onnx_tutorial.html
  torch.onnx.export(
🏆 PASSED Quality Gate (Holdout Precision=74.7%, Overall Precision=80.7%, Holdout F1=80.5%). Exported ONNX model & updated production Android app assets: /Users/neilkloot/Code/CricketBattingTracker/app/src/main/assets/models/tcn_ultimate_baseline.onnx
================================================================================

====================================================================================================
  RUN COMPLETED: 2026-09-11 05:53:57
  Total Duration: 0:01:11.712836
  Log Saved to  : /Users/neilkloot/Code/CricketBattingTracker/pipelines/training_logs/master_retraining_2026-09-11_05-52-45.log
====================================================================================================
