====================================================================================================
  PITCH ANALYTIX PRO — PERSISTENT RUN LOG
  Session Log File : /Users/neilkloot/Code/CricketBattingTracker/pipelines/training_logs/master_retraining_2026-09-03_17-26-38.log
  Start Time       : 2026-09-03 17:26:38
  Command Line     : pipelines/train_and_evaluate_full_scorecard.py
  Python Version   : 3.14.5 (/opt/homebrew/opt/python@3.14/bin/python3.14)
====================================================================================================

====================================================================================================
  MASTER RETRAINING & MULTI-TIER EVALUATION PIPELINE (BAT-PLANE 3-FAMILY TCN)
  Holdout / Validation Sessions (4): session_2026-07-20_12-42-16, session_2026-07-21_12-43-37, session_2026-07-24_12-52-29, session_2026-07-25_15-16-32
  Execution Device: mps
  Random Seed: 42 (deterministic)
====================================================================================================

📦 Dataset Auto-Sync: Discovered 66 usable sessions in live_watch_sessions/
✅ Auto-Sync Up-To-Date: All 66 parquet datasets are synchronized.

Loading 62 training sessions & 4 holdout validation sessions (Total: 66)...
✅ Saved feature normalization stats -> /Users/neilkloot/Code/CricketBattingTracker/pipelines/tcn_norm_stats.json
✅ Copied feature normalization stats -> /Users/neilkloot/Code/CricketBattingTracker/app/src/main/assets/models/tcn_norm_stats.json
✅ Pooled 7460 training shot windows across 62 physical sessions into TensorDataset.

Prepared 206 holdout GT candidate evaluation windows.

===============================================================================================
🚀 UNIFIED CONTINUOUS DISCRIMINATIVE TRAINING (EPOCHS 1 TO 35)
   Backbone Layers 1–7: 3e-5 (Slow Adaptation) | Layers 8–10 + Heads: 0.0005
   Warmup: 3 Epochs | Scheduler: CosineAnnealingLR (to 1e-6, T_max=32) | AdamW weight_decay=1e-2
   Loss: Label Smoothing (0.1) with Head 2A Sub-Loss Weight: [1.0, 2.0, 1.0, 1.0]
   Early Stopping: Patience = 18, Min Delta = 0.001 (monitored from Epoch 6 onward)
===============================================================================================
Epoch  1/35 (LR: 0.000010/0.000167) - Train Loss: 2.7083 | Val Loss: 1.7608 | Holdout Acc: 23.79% | Holdout Macro-F1: 0.1549 ⭐ Best Checkpoint
Epoch  2/35 (LR: 0.000020/0.000333) - Train Loss: 2.0029 | Val Loss: 1.6422 | Holdout Acc: 38.83% | Holdout Macro-F1: 0.2927 ⭐ Best Checkpoint
Epoch  3/35 (LR: 0.000030/0.000500) - Train Loss: 1.6226 | Val Loss: 1.3988 | Holdout Acc: 43.69% | Holdout Macro-F1: 0.4254 ⭐ Best Checkpoint
Epoch  4/35 (LR: 0.000030/0.000499) - Train Loss: 1.4801 | Val Loss: 1.1986 | Holdout Acc: 56.80% | Holdout Macro-F1: 0.5556 ⭐ Best Checkpoint
Epoch  5/35 (LR: 0.000030/0.000495) - Train Loss: 1.3821 | Val Loss: 1.2670 | Holdout Acc: 58.25% | Holdout Macro-F1: 0.5716 ⭐ Best Checkpoint
Epoch  6/35 (LR: 0.000029/0.000489) - Train Loss: 1.3408 | Val Loss: 1.1005 | Holdout Acc: 66.02% | Holdout Macro-F1: 0.6238 ⭐ Best Checkpoint
Epoch  7/35 (LR: 0.000029/0.000481) - Train Loss: 1.3145 | Val Loss: 1.1630 | Holdout Acc: 58.25% | Holdout Macro-F1: 0.5836
Epoch  8/35 (LR: 0.000028/0.000471) - Train Loss: 1.2827 | Val Loss: 1.1415 | Holdout Acc: 60.68% | Holdout Macro-F1: 0.6081
Epoch  9/35 (LR: 0.000028/0.000458) - Train Loss: 1.2577 | Val Loss: 1.1547 | Holdout Acc: 61.65% | Holdout Macro-F1: 0.6055
Epoch 10/35 (LR: 0.000027/0.000443) - Train Loss: 1.2359 | Val Loss: 1.1690 | Holdout Acc: 60.19% | Holdout Macro-F1: 0.5736
Epoch 11/35 (LR: 0.000026/0.000427) - Train Loss: 1.1985 | Val Loss: 1.1553 | Holdout Acc: 64.08% | Holdout Macro-F1: 0.6420 ⭐ Best Checkpoint
Epoch 12/35 (LR: 0.000025/0.000409) - Train Loss: 1.1826 | Val Loss: 1.1390 | Holdout Acc: 60.19% | Holdout Macro-F1: 0.5928
Epoch 13/35 (LR: 0.000024/0.000389) - Train Loss: 1.1588 | Val Loss: 1.1984 | Holdout Acc: 64.08% | Holdout Macro-F1: 0.5781
Epoch 14/35 (LR: 0.000022/0.000368) - Train Loss: 1.1412 | Val Loss: 1.2085 | Holdout Acc: 60.68% | Holdout Macro-F1: 0.6024
Epoch 15/35 (LR: 0.000021/0.000346) - Train Loss: 1.1030 | Val Loss: 1.1922 | Holdout Acc: 65.05% | Holdout Macro-F1: 0.5939
Epoch 16/35 (LR: 0.000020/0.000323) - Train Loss: 1.0909 | Val Loss: 1.1915 | Holdout Acc: 61.17% | Holdout Macro-F1: 0.6037
Epoch 17/35 (LR: 0.000018/0.000299) - Train Loss: 1.0619 | Val Loss: 1.2236 | Holdout Acc: 64.08% | Holdout Macro-F1: 0.6300
Epoch 18/35 (LR: 0.000017/0.000275) - Train Loss: 1.0443 | Val Loss: 1.2359 | Holdout Acc: 64.56% | Holdout Macro-F1: 0.5962
Epoch 19/35 (LR: 0.000015/0.000250) - Train Loss: 1.0262 | Val Loss: 1.2097 | Holdout Acc: 61.17% | Holdout Macro-F1: 0.6152
Epoch 20/35 (LR: 0.000014/0.000226) - Train Loss: 1.0107 | Val Loss: 1.2022 | Holdout Acc: 65.05% | Holdout Macro-F1: 0.6116
Epoch 21/35 (LR: 0.000013/0.000202) - Train Loss: 0.9938 | Val Loss: 1.1967 | Holdout Acc: 62.62% | Holdout Macro-F1: 0.5909
Epoch 22/35 (LR: 0.000011/0.000178) - Train Loss: 0.9852 | Val Loss: 1.2317 | Holdout Acc: 61.65% | Holdout Macro-F1: 0.5953
Epoch 23/35 (LR: 0.000010/0.000155) - Train Loss: 0.9729 | Val Loss: 1.1965 | Holdout Acc: 66.02% | Holdout Macro-F1: 0.6250
Epoch 24/35 (LR: 0.000009/0.000133) - Train Loss: 0.9630 | Val Loss: 1.2436 | Holdout Acc: 66.50% | Holdout Macro-F1: 0.6246
Epoch 25/35 (LR: 0.000007/0.000112) - Train Loss: 0.9547 | Val Loss: 1.2293 | Holdout Acc: 65.53% | Holdout Macro-F1: 0.6517 ⭐ Best Checkpoint
Epoch 26/35 (LR: 0.000006/0.000092) - Train Loss: 0.9449 | Val Loss: 1.2413 | Holdout Acc: 61.17% | Holdout Macro-F1: 0.6000
Epoch 27/35 (LR: 0.000005/0.000074) - Train Loss: 0.9440 | Val Loss: 1.2678 | Holdout Acc: 58.74% | Holdout Macro-F1: 0.5998
Epoch 28/35 (LR: 0.000004/0.000058) - Train Loss: 0.9372 | Val Loss: 1.2141 | Holdout Acc: 65.53% | Holdout Macro-F1: 0.6381
Epoch 29/35 (LR: 0.000003/0.000043) - Train Loss: 0.9321 | Val Loss: 1.2244 | Holdout Acc: 64.08% | Holdout Macro-F1: 0.6266
Epoch 30/35 (LR: 0.000003/0.000030) - Train Loss: 0.9298 | Val Loss: 1.2121 | Holdout Acc: 63.59% | Holdout Macro-F1: 0.6281
Epoch 31/35 (LR: 0.000002/0.000020) - Train Loss: 0.9293 | Val Loss: 1.2180 | Holdout Acc: 64.56% | Holdout Macro-F1: 0.6182
Epoch 32/35 (LR: 0.000002/0.000012) - Train Loss: 0.9284 | Val Loss: 1.2095 | Holdout Acc: 65.05% | Holdout Macro-F1: 0.6219
Epoch 33/35 (LR: 0.000001/0.000006) - Train Loss: 0.9253 | Val Loss: 1.2231 | Holdout Acc: 64.56% | Holdout Macro-F1: 0.6279
Epoch 34/35 (LR: 0.000001/0.000002) - Train Loss: 0.9227 | Val Loss: 1.2130 | Holdout Acc: 64.56% | Holdout Macro-F1: 0.6192
Epoch 35/35 (LR: 0.000001/0.000001) - Train Loss: 0.9253 | Val Loss: 1.2178 | Holdout Acc: 65.05% | Holdout Macro-F1: 0.6198

✅ Reloaded best model checkpoint from Epoch 25 (Best Holdout Macro-F1: 0.6517, Candidate Acc: 65.53%)

3. Evaluating FULL DATASET across ALL 66 physical sessions via Telemetry Engine...

==========================================================
  AUDITED HIERARCHICAL MULTI-TIER TELEMETRY PIPELINE
==========================================================
  Execution Device : mps
  Total Sessions   : 66 physical sessions
  Holdout Set (4)  : ['session_2026-07-20_12-42-16', 'session_2026-07-21_12-43-37', 'session_2026-07-24_12-52-29', 'session_2026-07-25_15-16-32']
  Processing sessions directly from Parquet...

================================================================================
         FORENSIC AUDITED MULTI-TIER PIPELINE DIAGNOSTIC SCORECARD
================================================================================

1️⃣ CANDIDATE DETECTIONS & SYSTEM PRECISION:
----------------------------------------------------------------------
  • Total Ground-Truth Physical Shots: 3721
  • Total System Candidate Detections: 3687 (Target: < 2,850)
  • Matched True Positive Detections : 2995
  • Global Pipeline Recall           : 🏆 80.49%
  • Global System Precision          : 🏆 81.23%
  • Global System F1 Score           : 🏆 80.86%

🎯 SWEEP CANDIDATE PRECISION & RECALL CLAMPING:
----------------------------------------------------------------------
  • Total Ground-Truth SWEEP Shots   : 243
  • SWEEP Candidate Detections       : 🏆 258 (Target: 210–240, was 423)
  • SWEEP Detection Recall           : 🏆 106.2% (Target: 90%–105%, was 200.5%)

2️⃣ TIER BREAKDOWN (Peak Motion Aligned [T_peak - 1.0s, T_peak + 1.5s]):
----------------------------------------------------------------------
| Tier                    | Total Detections | True Positives | Precision (%) |
----------------------------------------------------------------------
| TIER_1_HIGH             |             2881 |           2476 |        85.94% |
| TIER_3_SOFT_TOUCH       |              806 |            519 |        64.39% |
----------------------------------------------------------------------

3️⃣ GRANULAR UNSEEN HOLDOUT SET SCORECARD (AUTOMATIC ALIGNMENT):
======================================================================
  • Designated Holdout Sessions : ['session_2026-07-20_12-42-16', 'session_2026-07-21_12-43-37', 'session_2026-07-24_12-52-29', 'session_2026-07-25_15-16-32']
  • Ground-Truth Physical Shots : 206
  • Total Candidate Detections  : 241
  • True Positive Detections    : 180
  • False Positive Detections   : 61
  • Adjusted Holdout Detection Recall    : 🏆 87.38% (180/206 GT shots detected)
  • Adjusted Holdout Detection Precision : 🏆 74.69% (180/241 candidates valid)
  • Adjusted Holdout Detection F1 Score  : 🏆 80.54%

--- CALCULATED TIMESTAMP DRIFT OFFSETS (dt_offset) & PER-SESSION PERFORMANCE ---
---------------------------------------------------------------------------------------------------
| Session ID               | Calculated dt Offset | GT Shots | Detections | TPs | Recall (%) | Precision (%) |
---------------------------------------------------------------------------------------------------
| session_2026-07-20_12-42-16 |              -0.55s |       37 |         51 |  35 |      94.6% |         68.6% |
| session_2026-07-21_12-43-37 |              -0.30s |       56 |         63 |  41 |      73.2% |         65.1% |
| session_2026-07-24_12-52-29 |              +0.20s |       52 |         58 |  44 |      84.6% |         75.9% |
| session_2026-07-25_15-16-32 |              -0.15s |       61 |         69 |  60 |      98.4% |         87.0% |
---------------------------------------------------------------------------------------------------

4️⃣ PEAK-ALIGNED HOLDOUT CLASSIFICATION ACCURACY PER SHOT TYPE:
===================================================================================================
| Shot Type        | GT Count | Detected TPs | Class Correct | Classification Acc (%) | Shot Recall (%) |
===================================================================================================
| PULL/HOOK/SLOG   |       57 |           49 |            24 |                 48.98% |          42.11% |
| DRIVE/DEFENCE    |       30 |           27 |            20 |                 74.07% |          66.67% |
| GLANCE/FLICK     |       27 |           22 |            13 |                 59.09% |          48.15% |
| CUT/PUNCH        |       13 |           11 |             9 |                 81.82% |          69.23% |
| DEFLECTION/GUIDE |       28 |           21 |            21 |                100.00% |          75.00% |
| POWER DRIVE      |       20 |           20 |             9 |                 45.00% |          45.00% |
| SWEEP            |       31 |           30 |            28 |                 93.33% |          90.32% |
===================================================================================================
  🏆 OVERALL HOLDOUT CLASSIFICATION ACCURACY: 68.89% (124/180 correct across detected shots)
===================================================================================================


===================================================================================================================
📊 UNIFIED FULL DATASET TRAINING & HOLDOUT EVALUATION SCORECARD
  Training Strategy: Bat-Plane 3-Family Multi-Scale TCN with Unified Continuous Discriminative LR & Cosine Annealing
  Validation Summary: Total Epochs = 35, Best Holdout Macro-F1 = 0.6517 (Candidate Acc: 65.53%, Val Loss: 1.2293 at Epoch 25)
===================================================================================================================
  Holdout Set (4 Sessions): Recall = 87.4%, Precision = 74.7%, F1 = 80.5%, Class Acc = 68.9%
  Training Set (62 Sessions):           Recall = 80.1%, Precision = 81.7%, F1 = 80.9%, Class Acc = 92.5%
  Full Dataset Total (66 Sessions):      Recall = 80.5%, Precision = 81.2%, F1 = 80.9%
===================================================================================================================


✅ Saved master scorecard report to /Users/neilkloot/Code/CricketBattingTracker/full_dataset_training_scorecard.md

================================================================================
🔒 PRODUCTION ONNX QUALITY GATE CHECK
================================================================================
/Users/neilkloot/Code/CricketBattingTracker/pipelines/train_and_evaluate_full_scorecard.py:579: DeprecationWarning: You are using the legacy TorchScript-based ONNX export. Starting in PyTorch 2.9, the new torch.export-based ONNX exporter has become the default. Learn more about the new export logic: https://docs.pytorch.org/docs/stable/onnx_export.html. For exporting control flow: https://pytorch.org/tutorials/beginner/onnx/export_control_flow_model_to_onnx_tutorial.html
  torch.onnx.export(
🏆 PASSED Quality Gate (Holdout Precision=74.7%, Overall Precision=81.2%, Holdout F1=80.5%). Exported ONNX model & updated production Android app assets: /Users/neilkloot/Code/CricketBattingTracker/app/src/main/assets/models/tcn_ultimate_baseline.onnx
================================================================================

====================================================================================================
  RUN COMPLETED: 2026-09-03 18:44:22
  Total Duration: 1:17:44.072805
  Log Saved to  : /Users/neilkloot/Code/CricketBattingTracker/pipelines/training_logs/master_retraining_2026-09-03_17-26-38.log
====================================================================================================
