====================================================================================================
  PITCH ANALYTIX PRO — PERSISTENT RUN LOG
  Session Log File : /Users/neilkloot/Code/CricketBattingTracker/pipelines/training_logs/polar_relational_experiment_2026-09-04_17-21-04.log
  Start Time       : 2026-09-04 17:21:04
  Command Line     : pipelines/run_polar_relational_experiment.py --seed 42
  Python Version   : 3.14.5 (/opt/homebrew/opt/python@3.14/bin/python3.14)
====================================================================================================

====================================================================================================
  31-CHANNEL DUAL-HAND RELATIONAL TCN EXPERIMENT
  Holdout / Validation Sessions (4): session_2026-07-20_12-42-16, session_2026-07-21_12-43-37, session_2026-07-24_12-52-29, session_2026-07-25_15-16-32
  Execution Device: mps
  Random Seed: 42 (deterministic)
====================================================================================================
  MISSING CORE WATCH SENSORS
✅ Auto-Sync Completed: Compiled 1 new/updated unified parquet sessions.

Loading 63 training sessions & 4 holdout validation sessions (Total: 67)...
✅ Saved 31-channel feature normalization stats -> /Users/neilkloot/Code/CricketBattingTracker/pipelines/tcn_relational_norm_stats.json
Loaded 15209 training windows from 63 physical sessions.
Prepared 206 holdout GT candidate evaluation windows.

===============================================================================================
🚀 31-CHANNEL DUAL-HAND RELATIONAL TCN TRAINING (EPOCHS 1 TO 35)
   Input Channels: 31 (28 baseline + 3 scalar relational channels)
   Backbone Layers 1–7: 3e-5 (Slow Adaptation) | Layers 8–10 + Heads: 0.0005
   Warmup: 3 Epochs | Scheduler: CosineAnnealingLR (to 1e-6, T_max=32) | AdamW weight_decay=1e-2
   Loss: Label Smoothing (0.1) with Head 2A Sub-Loss Weight: [1.0, 2.0, 1.0, 1.0]
   Early Stopping: Patience = 18, Min Delta = 0.001 (monitored from Epoch 6 onward)
===============================================================================================
Epoch  1/35 (LR: 0.000010/0.000167) - Train Loss: 2.0317 | Val Loss: 1.2271 | Holdout Acc: 54.37% | Holdout Macro-F1: 0.5449 ⭐ Best Checkpoint
Epoch  2/35 (LR: 0.000020/0.000333) - Train Loss: 1.5364 | Val Loss: 1.1488 | Holdout Acc: 61.65% | Holdout Macro-F1: 0.5895 ⭐ Best Checkpoint
Epoch  3/35 (LR: 0.000030/0.000500) - Train Loss: 1.4161 | Val Loss: 1.3527 | Holdout Acc: 54.37% | Holdout Macro-F1: 0.5106
Epoch  4/35 (LR: 0.000030/0.000499) - Train Loss: 1.3485 | Val Loss: 1.2308 | Holdout Acc: 65.53% | Holdout Macro-F1: 0.6285 ⭐ Best Checkpoint
Epoch  5/35 (LR: 0.000030/0.000495) - Train Loss: 1.3064 | Val Loss: 1.2131 | Holdout Acc: 61.17% | Holdout Macro-F1: 0.6169
Epoch  6/35 (LR: 0.000029/0.000489) - Train Loss: 1.2669 | Val Loss: 1.1962 | Holdout Acc: 57.77% | Holdout Macro-F1: 0.5843
Epoch  7/35 (LR: 0.000029/0.000481) - Train Loss: 1.2332 | Val Loss: 1.1310 | Holdout Acc: 63.11% | Holdout Macro-F1: 0.6295 ⭐ Best Checkpoint
Epoch  8/35 (LR: 0.000028/0.000471) - Train Loss: 1.2007 | Val Loss: 1.0956 | Holdout Acc: 67.48% | Holdout Macro-F1: 0.6522 ⭐ Best Checkpoint
Epoch  9/35 (LR: 0.000028/0.000458) - Train Loss: 1.1730 | Val Loss: 1.0554 | Holdout Acc: 65.53% | Holdout Macro-F1: 0.6348
Epoch 10/35 (LR: 0.000027/0.000443) - Train Loss: 1.1532 | Val Loss: 1.0776 | Holdout Acc: 66.50% | Holdout Macro-F1: 0.6219
Epoch 11/35 (LR: 0.000026/0.000427) - Train Loss: 1.1226 | Val Loss: 1.0633 | Holdout Acc: 66.99% | Holdout Macro-F1: 0.6283
Epoch 12/35 (LR: 0.000025/0.000409) - Train Loss: 1.1062 | Val Loss: 1.0722 | Holdout Acc: 62.14% | Holdout Macro-F1: 0.6107
Epoch 13/35 (LR: 0.000024/0.000389) - Train Loss: 1.0656 | Val Loss: 1.1090 | Holdout Acc: 64.08% | Holdout Macro-F1: 0.6141
Epoch 14/35 (LR: 0.000022/0.000368) - Train Loss: 1.0482 | Val Loss: 1.0849 | Holdout Acc: 66.02% | Holdout Macro-F1: 0.6427
Epoch 15/35 (LR: 0.000021/0.000346) - Train Loss: 1.0262 | Val Loss: 1.1465 | Holdout Acc: 64.08% | Holdout Macro-F1: 0.6196
Epoch 16/35 (LR: 0.000020/0.000323) - Train Loss: 1.0014 | Val Loss: 1.1262 | Holdout Acc: 65.05% | Holdout Macro-F1: 0.6067
Epoch 17/35 (LR: 0.000018/0.000299) - Train Loss: 0.9839 | Val Loss: 1.1889 | Holdout Acc: 63.59% | Holdout Macro-F1: 0.6215
Epoch 18/35 (LR: 0.000017/0.000275) - Train Loss: 0.9687 | Val Loss: 1.0915 | Holdout Acc: 63.59% | Holdout Macro-F1: 0.6293
Epoch 19/35 (LR: 0.000015/0.000250) - Train Loss: 0.9549 | Val Loss: 1.1910 | Holdout Acc: 63.59% | Holdout Macro-F1: 0.6159
Epoch 20/35 (LR: 0.000014/0.000226) - Train Loss: 0.9446 | Val Loss: 1.1718 | Holdout Acc: 63.59% | Holdout Macro-F1: 0.6066
Epoch 21/35 (LR: 0.000013/0.000202) - Train Loss: 0.9348 | Val Loss: 1.1216 | Holdout Acc: 65.05% | Holdout Macro-F1: 0.6279
Epoch 22/35 (LR: 0.000011/0.000178) - Train Loss: 0.9244 | Val Loss: 1.1055 | Holdout Acc: 66.02% | Holdout Macro-F1: 0.6202
Epoch 23/35 (LR: 0.000010/0.000155) - Train Loss: 0.9192 | Val Loss: 1.1006 | Holdout Acc: 64.56% | Holdout Macro-F1: 0.6332
Epoch 24/35 (LR: 0.000009/0.000133) - Train Loss: 0.9135 | Val Loss: 1.0806 | Holdout Acc: 65.53% | Holdout Macro-F1: 0.6440
Epoch 25/35 (LR: 0.000007/0.000112) - Train Loss: 0.9128 | Val Loss: 1.1367 | Holdout Acc: 65.05% | Holdout Macro-F1: 0.6291
Epoch 26/35 (LR: 0.000006/0.000092) - Train Loss: 0.9106 | Val Loss: 1.1170 | Holdout Acc: 65.53% | Holdout Macro-F1: 0.6255
  🛑 Early stopping triggered at Epoch 26! Best Holdout Macro-F1: 0.6522 (Acc: 67.48%) at Epoch 8.

✅ Reloaded best model checkpoint from Epoch 8 (Best Holdout Macro-F1: 0.6522, Candidate Acc: 67.48%)

3. Evaluating FULL DATASET across ALL 67 physical sessions via Telemetry Engine...

==========================================================
  AUDITED HIERARCHICAL MULTI-TIER TELEMETRY PIPELINE
==========================================================
  Execution Device : mps
  Total Sessions   : 67 physical sessions
  Holdout Set (4)  : ['session_2026-07-20_12-42-16', 'session_2026-07-21_12-43-37', 'session_2026-07-24_12-52-29', 'session_2026-07-25_15-16-32']
  Processing sessions directly from Parquet...

================================================================================
         FORENSIC AUDITED MULTI-TIER PIPELINE DIAGNOSTIC SCORECARD
================================================================================

1️⃣ CANDIDATE DETECTIONS & SYSTEM PRECISION:
----------------------------------------------------------------------
  • Total Ground-Truth Physical Shots: 3786
  • Total System Candidate Detections: 3754 (Target: < 2,850)
  • Matched True Positive Detections : 3053
  • Global Pipeline Recall           : 🏆 80.64%
  • Global System Precision          : 🏆 81.33%
  • Global System F1 Score           : 🏆 80.98%

🎯 SWEEP CANDIDATE PRECISION & RECALL CLAMPING:
----------------------------------------------------------------------
  • Total Ground-Truth SWEEP Shots   : 243
  • SWEEP Candidate Detections       : 🏆 299 (Target: 210–240, was 423)
  • SWEEP Detection Recall           : 🏆 123.0% (Target: 90%–105%, was 200.5%)

2️⃣ TIER BREAKDOWN (Peak Motion Aligned [T_peak - 1.0s, T_peak + 1.5s]):
----------------------------------------------------------------------
| Tier                    | Total Detections | True Positives | Precision (%) |
----------------------------------------------------------------------
| TIER_1_HIGH             |             2935 |           2525 |        86.03% |
| TIER_3_SOFT_TOUCH       |              819 |            528 |        64.47% |
----------------------------------------------------------------------

3️⃣ GRANULAR UNSEEN HOLDOUT SET SCORECARD (AUTOMATIC ALIGNMENT):
======================================================================
  • Designated Holdout Sessions : ['session_2026-07-20_12-42-16', 'session_2026-07-21_12-43-37', 'session_2026-07-24_12-52-29', 'session_2026-07-25_15-16-32']
  • Ground-Truth Physical Shots : 206
  • Total Candidate Detections  : 241
  • True Positive Detections    : 180
  • False Positive Detections   : 61
  • Adjusted Holdout Detection Recall    : 🏆 87.38% (180/206 GT shots detected)
  • Adjusted Holdout Detection Precision : 🏆 74.69% (180/241 candidates valid)
  • Adjusted Holdout Detection F1 Score  : 🏆 80.54%

--- CALCULATED TIMESTAMP DRIFT OFFSETS (dt_offset) & PER-SESSION PERFORMANCE ---
---------------------------------------------------------------------------------------------------
| Session ID               | Calculated dt Offset | GT Shots | Detections | TPs | Recall (%) | Precision (%) |
---------------------------------------------------------------------------------------------------
| session_2026-07-20_12-42-16 |              -0.55s |       37 |         51 |  35 |      94.6% |         68.6% |
| session_2026-07-21_12-43-37 |              -0.30s |       56 |         63 |  41 |      73.2% |         65.1% |
| session_2026-07-24_12-52-29 |              +0.20s |       52 |         58 |  44 |      84.6% |         75.9% |
| session_2026-07-25_15-16-32 |              -0.15s |       61 |         69 |  60 |      98.4% |         87.0% |
---------------------------------------------------------------------------------------------------

4️⃣ PEAK-ALIGNED HOLDOUT CLASSIFICATION ACCURACY PER SHOT TYPE:
===================================================================================================
| Shot Type        | GT Count | Detected TPs | Class Correct | Classification Acc (%) | Shot Recall (%) |
===================================================================================================
| PULL/HOOK/SLOG   |       57 |           49 |            32 |                 65.31% |          56.14% |
| DRIVE/DEFENCE    |       30 |           27 |            17 |                 62.96% |          56.67% |
| GLANCE/FLICK     |       27 |           22 |            14 |                 63.64% |          51.85% |
| CUT/PUNCH        |       13 |           11 |            10 |                 90.91% |          76.92% |
| DEFLECTION/GUIDE |       28 |           21 |            21 |                100.00% |          75.00% |
| POWER DRIVE      |       20 |           20 |             5 |                 25.00% |          25.00% |
| SWEEP            |       31 |           30 |            30 |                100.00% |          96.77% |
===================================================================================================
  🏆 OVERALL HOLDOUT CLASSIFICATION ACCURACY: 71.67% (129/180 correct across detected shots)
===================================================================================================


===================================================================================================================
📊 31-CHANNEL DUAL-HAND RELATIONAL TCN EXPERIMENT SCORECARD
  Validation Summary: Total Epochs = 26, Best Holdout Macro-F1 = 0.6522 (Candidate Acc: 67.48%, Val Loss: 1.0956 at Epoch 8)
===================================================================================================================
  Holdout Set (4 Sessions): Recall = 87.4%, Precision = 74.7%, F1 = 80.5%, Class Acc = 71.7%
  Training Set (63 Sessions):           Recall = 80.3%, Precision = 81.8%, F1 = 81.0%, Class Acc = 91.1%
  Full Dataset Total (67 Sessions):      Recall = 80.6%, Precision = 81.3%, F1 = 81.0%
===================================================================================================================


✅ Saved experimental scorecard report to /Users/neilkloot/Code/CricketBattingTracker/polar_relational_experiment_scorecard.md

====================================================================================================
  RUN COMPLETED: 2026-09-04 19:09:47
  Total Duration: 1:48:43.693366
  Log Saved to  : /Users/neilkloot/Code/CricketBattingTracker/pipelines/training_logs/polar_relational_experiment_2026-09-04_17-21-04.log
====================================================================================================
