====================================================================================================
  PITCH ANALYTIX PRO — PERSISTENT RUN LOG
  Session Log File : /Users/neilkloot/Code/CricketBattingTracker/pipelines/training_logs/polar_option_b_experiment_2026-09-04_21-30-30.log
  Start Time       : 2026-09-04 21:30:30
  Command Line     : pipelines/run_polar_temporal_option_b.py --seed 42
  Python Version   : 3.14.5 (/opt/homebrew/opt/python@3.14/bin/python3.14)
====================================================================================================

====================================================================================================
  34-CHANNEL POLAR OPTION B EXPERIMENT (3D VECTORS + SELF-TEMPORAL DYNAMICS)
  Holdout / Validation Sessions (4): session_2026-07-20_12-42-16, session_2026-07-21_12-43-37, session_2026-07-24_12-52-29, session_2026-07-25_15-16-32
  Execution Device: mps
  Random Seed: 42 (deterministic)
====================================================================================================
  MISSING CORE WATCH SENSORS
✅ Auto-Sync Completed: Compiled 1 new/updated unified parquet sessions.

Loading 63 training sessions & 4 holdout validation sessions (Total: 67)...
✅ Saved 34-channel feature normalization stats -> /Users/neilkloot/Code/CricketBattingTracker/pipelines/tcn_polar_option_b_norm_stats.json
Loaded 15209 training windows from 63 physical sessions.
Prepared 206 holdout GT candidate evaluation windows.

===============================================================================================
🚀 34-CHANNEL POLAR OPTION B TCN TRAINING (EPOCHS 1 TO 35)
   Input Channels: 34 (28 Baseline Channels + 6 Polar Self-Temporal Channels)
   Polar Channels: [p_acc_x,y,z, p_gyro_x,y,z, p_gyro_mag, p_acc_mag, p_gyro_d25ms, p_gyro_d100ms, p_acc_d25ms, p_rel_surge]
   Backbone Layers 1–7: 3e-5 (Slow Adaptation) | Layers 8–10 + Heads: 0.0005
   Warmup: 3 Epochs | Scheduler: CosineAnnealingLR (to 1e-6, T_max=32) | AdamW weight_decay=1e-2
   Loss: Label Smoothing (0.1) with Head 2A Sub-Loss Weight: [1.0, 2.0, 1.0, 1.0]
   Early Stopping: Patience = 18, Min Delta = 0.001 (monitored from Epoch 6 onward)
===============================================================================================
Epoch  1/35 (LR: 0.000010/0.000167) - Train Loss: 2.1892 | Val Loss: 1.2921 | Holdout Acc: 45.15% | Holdout Macro-F1: 0.4320 ⭐ Best Checkpoint
Epoch  2/35 (LR: 0.000020/0.000333) - Train Loss: 1.6069 | Val Loss: 1.0939 | Holdout Acc: 51.46% | Holdout Macro-F1: 0.5270 ⭐ Best Checkpoint
Epoch  3/35 (LR: 0.000030/0.000500) - Train Loss: 1.4660 | Val Loss: 1.0923 | Holdout Acc: 56.80% | Holdout Macro-F1: 0.5543 ⭐ Best Checkpoint
Epoch  4/35 (LR: 0.000030/0.000499) - Train Loss: 1.3659 | Val Loss: 0.9964 | Holdout Acc: 58.25% | Holdout Macro-F1: 0.6124 ⭐ Best Checkpoint
Epoch  5/35 (LR: 0.000030/0.000495) - Train Loss: 1.3201 | Val Loss: 1.0101 | Holdout Acc: 60.19% | Holdout Macro-F1: 0.5640
Epoch  6/35 (LR: 0.000029/0.000489) - Train Loss: 1.2806 | Val Loss: 0.9799 | Holdout Acc: 59.71% | Holdout Macro-F1: 0.6015
Epoch  7/35 (LR: 0.000029/0.000481) - Train Loss: 1.2444 | Val Loss: 0.8907 | Holdout Acc: 61.17% | Holdout Macro-F1: 0.6215 ⭐ Best Checkpoint
Epoch  8/35 (LR: 0.000028/0.000471) - Train Loss: 1.2097 | Val Loss: 0.9797 | Holdout Acc: 63.11% | Holdout Macro-F1: 0.6073
Epoch  9/35 (LR: 0.000028/0.000458) - Train Loss: 1.1830 | Val Loss: 0.9595 | Holdout Acc: 65.53% | Holdout Macro-F1: 0.6153
Epoch 10/35 (LR: 0.000027/0.000443) - Train Loss: 1.1566 | Val Loss: 0.9794 | Holdout Acc: 60.68% | Holdout Macro-F1: 0.6041
Epoch 11/35 (LR: 0.000026/0.000427) - Train Loss: 1.1220 | Val Loss: 0.9747 | Holdout Acc: 64.56% | Holdout Macro-F1: 0.6277 ⭐ Best Checkpoint
Epoch 12/35 (LR: 0.000025/0.000409) - Train Loss: 1.0953 | Val Loss: 1.0446 | Holdout Acc: 61.17% | Holdout Macro-F1: 0.5927
Epoch 13/35 (LR: 0.000024/0.000389) - Train Loss: 1.0702 | Val Loss: 1.0077 | Holdout Acc: 59.71% | Holdout Macro-F1: 0.6116
Epoch 14/35 (LR: 0.000022/0.000368) - Train Loss: 1.0461 | Val Loss: 1.0682 | Holdout Acc: 61.17% | Holdout Macro-F1: 0.6042
Epoch 15/35 (LR: 0.000021/0.000346) - Train Loss: 1.0247 | Val Loss: 1.0914 | Holdout Acc: 59.71% | Holdout Macro-F1: 0.5898
Epoch 16/35 (LR: 0.000020/0.000323) - Train Loss: 0.9932 | Val Loss: 1.0720 | Holdout Acc: 63.59% | Holdout Macro-F1: 0.6119
Epoch 17/35 (LR: 0.000018/0.000299) - Train Loss: 0.9761 | Val Loss: 1.1314 | Holdout Acc: 52.91% | Holdout Macro-F1: 0.5339
Epoch 18/35 (LR: 0.000017/0.000275) - Train Loss: 0.9671 | Val Loss: 1.0861 | Holdout Acc: 63.59% | Holdout Macro-F1: 0.6093
Epoch 19/35 (LR: 0.000015/0.000250) - Train Loss: 0.9490 | Val Loss: 1.1291 | Holdout Acc: 63.59% | Holdout Macro-F1: 0.6119
Epoch 20/35 (LR: 0.000014/0.000226) - Train Loss: 0.9435 | Val Loss: 1.1158 | Holdout Acc: 59.71% | Holdout Macro-F1: 0.5799
Epoch 21/35 (LR: 0.000013/0.000202) - Train Loss: 0.9338 | Val Loss: 1.0818 | Holdout Acc: 64.56% | Holdout Macro-F1: 0.6214
Epoch 22/35 (LR: 0.000011/0.000178) - Train Loss: 0.9281 | Val Loss: 1.0757 | Holdout Acc: 64.56% | Holdout Macro-F1: 0.6033
Epoch 23/35 (LR: 0.000010/0.000155) - Train Loss: 0.9210 | Val Loss: 1.0729 | Holdout Acc: 64.08% | Holdout Macro-F1: 0.6172
Epoch 24/35 (LR: 0.000009/0.000133) - Train Loss: 0.9199 | Val Loss: 1.0607 | Holdout Acc: 65.05% | Holdout Macro-F1: 0.6325 ⭐ Best Checkpoint
Epoch 25/35 (LR: 0.000007/0.000112) - Train Loss: 0.9121 | Val Loss: 1.0778 | Holdout Acc: 61.65% | Holdout Macro-F1: 0.5987
Epoch 26/35 (LR: 0.000006/0.000092) - Train Loss: 0.9096 | Val Loss: 1.0774 | Holdout Acc: 64.08% | Holdout Macro-F1: 0.6182
Epoch 27/35 (LR: 0.000005/0.000074) - Train Loss: 0.9074 | Val Loss: 1.0690 | Holdout Acc: 63.11% | Holdout Macro-F1: 0.5994
Epoch 28/35 (LR: 0.000004/0.000058) - Train Loss: 0.9058 | Val Loss: 1.0645 | Holdout Acc: 61.17% | Holdout Macro-F1: 0.5893
Epoch 29/35 (LR: 0.000003/0.000043) - Train Loss: 0.9035 | Val Loss: 1.0605 | Holdout Acc: 63.11% | Holdout Macro-F1: 0.6064
Epoch 30/35 (LR: 0.000003/0.000030) - Train Loss: 0.9015 | Val Loss: 1.0967 | Holdout Acc: 63.11% | Holdout Macro-F1: 0.6061
Epoch 31/35 (LR: 0.000002/0.000020) - Train Loss: 0.9014 | Val Loss: 1.0992 | Holdout Acc: 61.17% | Holdout Macro-F1: 0.5864
Epoch 32/35 (LR: 0.000002/0.000012) - Train Loss: 0.9000 | Val Loss: 1.0755 | Holdout Acc: 61.65% | Holdout Macro-F1: 0.5960
Epoch 33/35 (LR: 0.000001/0.000006) - Train Loss: 0.8995 | Val Loss: 1.0936 | Holdout Acc: 61.17% | Holdout Macro-F1: 0.5872
Epoch 34/35 (LR: 0.000001/0.000002) - Train Loss: 0.8997 | Val Loss: 1.0786 | Holdout Acc: 61.65% | Holdout Macro-F1: 0.5964
Epoch 35/35 (LR: 0.000001/0.000001) - Train Loss: 0.9000 | Val Loss: 1.0814 | Holdout Acc: 62.14% | Holdout Macro-F1: 0.6003

✅ Reloaded best model checkpoint from Epoch 24 (Best Holdout Macro-F1: 0.6325, Candidate Acc: 65.05%)

3. Evaluating FULL DATASET across ALL 67 physical sessions via Telemetry Engine...

==========================================================
  AUDITED HIERARCHICAL MULTI-TIER TELEMETRY PIPELINE
==========================================================
  Execution Device : mps
  Total Sessions   : 67 physical sessions
  Holdout Set (4)  : ['session_2026-07-20_12-42-16', 'session_2026-07-21_12-43-37', 'session_2026-07-24_12-52-29', 'session_2026-07-25_15-16-32']
  Processing sessions directly from Parquet...

================================================================================
         FORENSIC AUDITED MULTI-TIER PIPELINE DIAGNOSTIC SCORECARD
================================================================================

1️⃣ CANDIDATE DETECTIONS & SYSTEM PRECISION:
----------------------------------------------------------------------
  • Total Ground-Truth Physical Shots: 3786
  • Total System Candidate Detections: 3755 (Target: < 2,850)
  • Matched True Positive Detections : 3053
  • Global Pipeline Recall           : 🏆 80.64%
  • Global System Precision          : 🏆 81.30%
  • Global System F1 Score           : 🏆 80.97%

🎯 SWEEP CANDIDATE PRECISION & RECALL CLAMPING:
----------------------------------------------------------------------
  • Total Ground-Truth SWEEP Shots   : 243
  • SWEEP Candidate Detections       : 🏆 270 (Target: 210–240, was 423)
  • SWEEP Detection Recall           : 🏆 111.1% (Target: 90%–105%, was 200.5%)

2️⃣ TIER BREAKDOWN (Peak Motion Aligned [T_peak - 1.0s, T_peak + 1.5s]):
----------------------------------------------------------------------
| Tier                    | Total Detections | True Positives | Precision (%) |
----------------------------------------------------------------------
| TIER_1_HIGH             |             2935 |           2525 |        86.03% |
| TIER_3_SOFT_TOUCH       |              820 |            528 |        64.39% |
----------------------------------------------------------------------

3️⃣ GRANULAR UNSEEN HOLDOUT SET SCORECARD (AUTOMATIC ALIGNMENT):
======================================================================
  • Designated Holdout Sessions : ['session_2026-07-20_12-42-16', 'session_2026-07-21_12-43-37', 'session_2026-07-24_12-52-29', 'session_2026-07-25_15-16-32']
  • Ground-Truth Physical Shots : 206
  • Total Candidate Detections  : 241
  • True Positive Detections    : 180
  • False Positive Detections   : 61
  • Adjusted Holdout Detection Recall    : 🏆 87.38% (180/206 GT shots detected)
  • Adjusted Holdout Detection Precision : 🏆 74.69% (180/241 candidates valid)
  • Adjusted Holdout Detection F1 Score  : 🏆 80.54%

--- CALCULATED TIMESTAMP DRIFT OFFSETS (dt_offset) & PER-SESSION PERFORMANCE ---
---------------------------------------------------------------------------------------------------
| Session ID               | Calculated dt Offset | GT Shots | Detections | TPs | Recall (%) | Precision (%) |
---------------------------------------------------------------------------------------------------
| session_2026-07-20_12-42-16 |              -0.55s |       37 |         51 |  35 |      94.6% |         68.6% |
| session_2026-07-21_12-43-37 |              -0.30s |       56 |         63 |  41 |      73.2% |         65.1% |
| session_2026-07-24_12-52-29 |              +0.20s |       52 |         58 |  44 |      84.6% |         75.9% |
| session_2026-07-25_15-16-32 |              -0.15s |       61 |         69 |  60 |      98.4% |         87.0% |
---------------------------------------------------------------------------------------------------

4️⃣ PEAK-ALIGNED HOLDOUT CLASSIFICATION ACCURACY PER SHOT TYPE:
===================================================================================================
| Shot Type        | GT Count | Detected TPs | Class Correct | Classification Acc (%) | Shot Recall (%) |
===================================================================================================
| PULL/HOOK/SLOG   |       57 |           49 |            28 |                 57.14% |          49.12% |
| DRIVE/DEFENCE    |       30 |           27 |            18 |                 66.67% |          60.00% |
| GLANCE/FLICK     |       27 |           22 |            14 |                 63.64% |          51.85% |
| CUT/PUNCH        |       13 |           11 |             8 |                 72.73% |          61.54% |
| DEFLECTION/GUIDE |       28 |           21 |            21 |                100.00% |          75.00% |
| POWER DRIVE      |       20 |           20 |             6 |                 30.00% |          30.00% |
| SWEEP            |       31 |           30 |            29 |                 96.67% |          93.55% |
===================================================================================================
  🏆 OVERALL HOLDOUT CLASSIFICATION ACCURACY: 68.89% (124/180 correct across detected shots)
===================================================================================================


===================================================================================================================
📊 34-CHANNEL POLAR EXPERIMENT SCORECARD (OPTION B)
  Validation Summary: Total Epochs = 35, Best Holdout Macro-F1 = 0.6325 (Candidate Acc: 65.05%, Val Loss: 1.0607 at Epoch 24)
===================================================================================================================
  Holdout Set (4 Sessions): Recall = 87.4%, Precision = 74.7%, F1 = 80.5%, Class Acc = 68.9%
  Training Set (63 Sessions):           Recall = 80.3%, Precision = 81.8%, F1 = 81.0%, Class Acc = 99.3%
  Full Dataset Total (67 Sessions):      Recall = 80.6%, Precision = 81.3%, F1 = 81.0%
===================================================================================================================


✅ Saved experimental scorecard report to /Users/neilkloot/Code/CricketBattingTracker/polar_temporal_option_b_scorecard.md

====================================================================================================
  RUN COMPLETED: 2026-09-04 23:55:21
  Total Duration: 2:24:51.179228
  Log Saved to  : /Users/neilkloot/Code/CricketBattingTracker/pipelines/training_logs/polar_option_b_experiment_2026-09-04_21-30-30.log
====================================================================================================
